// Jest Snapshot v1, https://goo.gl/fbAQLP

exports[`[Form Validation] maxLength maxLength() should return a function 1`] = `[Function]`;

exports[`[Form Validation] maxLength maxLength() should return an empty string if nothing is passed it 1`] = `""`;

exports[`[Form Validation] maxLength maxLength() should return an error object when an amount over the specified is passed in 1`] = `
Object {
  "defaultMessage": "cannot be more than {max} characters",
  "id": "form.errors.maxLength",
  "values": Object {
    "max": 3,
  },
}
`;

exports[`[Form Validation] maxLength maxLength() should return no errors if the number passed is less than the originally specified amount 1`] = `undefined`;
