// Jest Snapshot v1, https://goo.gl/fbAQLP

exports[`[Form Field Parsing] capitalize capitalize() should make the first letter capital of a string 1`] = `"Hello"`;
