// Jest Snapshot v1, https://goo.gl/fbAQLP

exports[`[Form Field Parsing] currency currency() should strip a currency string formatting and return a number 1`] = `1000`;
