// Jest Snapshot v1, https://goo.gl/fbAQLP

exports[`[Form Field Parsing] number number() should return an integer from a string 1`] = `123`;
